Release 11.1 Map L.33 (nt)
Xilinx Map Application Log File for Design 'BRAM6k32bit'

Design Information
------------------
Command Line   : map -ise BRAM6k32bit.ise -intstyle ise -p xc3s250e-vq100-4 -cm
area -ir off -pr off -c 100 -o BRAM6k32bit_map.ncd BRAM6k32bit.ngd
BRAM6k32bit.pcf 
Target Device  : xc3s250e
Target Package : vq100
Target Speed   : -4
Mapper Version : spartan3e -- $Revision: 1.51 $
Mapped Date    : Fri Apr 09 11:27:56 2010

vvvvvvvvvvvvvvvvvvvvvvvvvvvvvvvvvvvvvvvvvvvvvvvvvvvvvvvvvvvvvvvvvvvvvv
INFO:Security:54 - 'xc3s250e' is a WebPack part.
WARNING:Security:42 - Your license support version '2010.04' for WebPack expires
in 20 days.
----------------------------------------------------------------------

^^^^^^^^^^^^^^^^^^^^^^^^^^^^^^^^^^^^^^^^^^^^^^^^^^^^^^^^^^^^^^^^^^^^^^
ERROR:Map:116 - The design is empty.  No processing will be done.
ERROR:Map:52 - Problem encountered processing RPMs. 

Design Summary
--------------
Number of errors   :   2
Number of warnings :   0
